// Jest Snapshot v1, https://goo.gl/fbAQLP

exports[`App testing not entered 1`] = `
<div
  className="wrapper"
  onClick={[Function]}
  onFocus={[Function]}
>
  <div
    className="enter"
  >
    <div
      className="introText"
    >
       Please enter your Name and hit enter!
    </div>
    <div
      className="inputs"
    >
      <input
        className="holder"
        onKeyPress={[Function]}
        placeholder="name"
        type="text"
      />
      <input
        className="holder"
        onKeyPress={[Function]}
        placeholder="lastname"
        type="text"
      />
    </div>
    <div
      className="myBtn clearFloat"
      onClick={[Function]}
    >
      Enter
    </div>
  </div>
</div>
`;
